[debug] [2026-07-23T04:43:01.699Z] ----------------------------------------------------------------------
[debug] [2026-07-23T04:43:01.701Z] Command:       E:\node.exe C:\Users\HP\AppData\Roaming\npm\node_modules\firebase-tools\lib\bin\firebase.js deploy --only hosting
[debug] [2026-07-23T04:43:01.701Z] CLI Version:   15.24.0
[debug] [2026-07-23T04:43:01.701Z] Platform:      win32
[debug] [2026-07-23T04:43:01.701Z] Node Version:  v25.7.0
[debug] [2026-07-23T04:43:01.701Z] Detected Agent: unknown
[debug] [2026-07-23T04:43:01.701Z] Time:          Thu Jul 23 2026 10:13:01 GMT+0530 (India Standard Time)
[debug] [2026-07-23T04:43:01.701Z] ----------------------------------------------------------------------
[debug] 
[debug] [2026-07-23T04:43:01.712Z] >>> [apiv2][query] GET https://firebase-public.firebaseio.com/cli.json [none]
[debug] [2026-07-23T04:43:46.974Z] > command requires scopes: ["email","openid","https://www.googleapis.com/auth/cloudplatformprojects.readonly","https://www.googleapis.com/auth/firebase","https://www.googleapis.com/auth/cloud-platform"]
[debug] [2026-07-23T04:43:46.974Z] > authorizing via signed-in user (pa1@skillizee.io)
[debug] [2026-07-23T04:43:46.974Z] [iam] checking project skillizee-products for permissions ["firebase.projects.get","firebasehosting.sites.update"]
[debug] [2026-07-23T04:43:46.975Z] Checked if tokens are valid: false, expires at: 1782543490366
[debug] [2026-07-23T04:43:46.975Z] Checked if tokens are valid: false, expires at: 1782543490366
[debug] [2026-07-23T04:43:46.975Z] > refreshing access token with scopes: []
[debug] [2026-07-23T04:43:46.976Z] >>> [apiv2][query] POST https://www.googleapis.com/oauth2/v3/token [none]
[debug] [2026-07-23T04:43:46.976Z] >>> [apiv2][body] POST https://www.googleapis.com/oauth2/v3/token [omitted]
[debug] [2026-07-23T04:43:47.307Z] <<< [apiv2][status] POST https://www.googleapis.com/oauth2/v3/token 200
[debug] [2026-07-23T04:43:47.307Z] <<< [apiv2][body] POST https://www.googleapis.com/oauth2/v3/token [omitted]
[debug] [2026-07-23T04:43:47.341Z] >>> [apiv2][query] POST https://cloudresourcemanager.googleapis.com/v1/projects/skillizee-products:testIamPermissions [none]
[debug] [2026-07-23T04:43:47.341Z] >>> [apiv2][(partial)header] POST https://cloudresourcemanager.googleapis.com/v1/projects/skillizee-products:testIamPermissions  x-goog-user-project=skillizee-products
[debug] [2026-07-23T04:43:47.341Z] >>> [apiv2][body] POST https://cloudresourcemanager.googleapis.com/v1/projects/skillizee-products:testIamPermissions {"permissions":["firebase.projects.get","firebasehosting.sites.update"]}
[debug] [2026-07-23T04:43:47.697Z] <<< [apiv2][status] GET https://firebase-public.firebaseio.com/cli.json 200
[debug] [2026-07-23T04:43:47.697Z] <<< [apiv2][body] GET https://firebase-public.firebaseio.com/cli.json {"cloudBuildErrorAfter":1594252800000,"cloudBuildWarnAfter":1590019200000,"defaultNode10After":1594252800000,"minVersion":"3.0.5","node8DeploysDisabledAfter":1613390400000,"node8RuntimeDisabledAfter":1615809600000,"node8WarnAfter":1600128000000}
[debug] [2026-07-23T04:43:49.205Z] <<< [apiv2][status] POST https://cloudresourcemanager.googleapis.com/v1/projects/skillizee-products:testIamPermissions 200
[debug] [2026-07-23T04:43:49.206Z] <<< [apiv2][body] POST https://cloudresourcemanager.googleapis.com/v1/projects/skillizee-products:testIamPermissions {"permissions":["firebase.projects.get","firebasehosting.sites.update"]}
[debug] [2026-07-23T04:43:49.206Z] Checked if tokens are valid: true, expires at: 1784785426307
[debug] [2026-07-23T04:43:49.206Z] Checked if tokens are valid: true, expires at: 1784785426307
[debug] [2026-07-23T04:43:49.207Z] >>> [apiv2][query] GET https://firebase.googleapis.com/v1beta1/projects/skillizee-products [none]
[debug] [2026-07-23T04:43:50.107Z] <<< [apiv2][status] GET https://firebase.googleapis.com/v1beta1/projects/skillizee-products 200
[debug] [2026-07-23T04:43:50.107Z] <<< [apiv2][body] GET https://firebase.googleapis.com/v1beta1/projects/skillizee-products {"projectId":"skillizee-products","projectNumber":"1011375873388","displayName":"SkilliZee-Products","name":"projects/skillizee-products","resources":{"hostingSite":"skillizee-products","realtimeDatabaseInstance":"skillizee-products-default-rtdb"},"state":"ACTIVE","labels":{"firebase":"enabled","firebase/storage-default-bucket":"created"},"etag":"1_6d654552-f8c0-4666-a3d1-e55bd857e111"}
[debug] [2026-07-23T04:43:52.126Z] defaultcredentials: writing to file C:\Users\HP\AppData\Roaming\firebase\pa1_skillizee_io_application_default_credentials.json
[info] 
   Thank you for trying our early preview of Next.js support on Firebase Hosting.
   During the preview, support is best-effort and breaking changes can be expected. Proceed with caution.
   The integration is known to work with Next.js version 12 - 16.0. You may encounter errors.

   Documentation: https://firebase.google.com/docs/hosting/frameworks/nextjs
   File a bug: https://github.com/firebase/firebase-tools/issues/new?template=bug_report.md
   Submit a feature request: https://github.com/firebase/firebase-tools/issues/new?template=feature_request.md

   We'd love to learn from you. Express your interest in helping us shape the future of Firebase Hosting: https://goo.gle/41enW5X

[debug] [2026-07-23T04:43:56.487Z] Checked if tokens are valid: true, expires at: 1784785426307
[debug] [2026-07-23T04:43:56.488Z] Checked if tokens are valid: true, expires at: 1784785426307
[debug] [2026-07-23T04:43:56.488Z] >>> [apiv2][query] GET https://firebasehosting.googleapis.com/v1beta1/projects/skillizee-products/sites/skillizee-products [none]
[debug] [2026-07-23T04:43:58.016Z] <<< [apiv2][status] GET https://firebasehosting.googleapis.com/v1beta1/projects/skillizee-products/sites/skillizee-products 200
[debug] [2026-07-23T04:43:58.017Z] <<< [apiv2][body] GET https://firebasehosting.googleapis.com/v1beta1/projects/skillizee-products/sites/skillizee-products {"name":"projects/skillizee-products/sites/skillizee-products","defaultUrl":"https://skillizee-products.web.app","type":"DEFAULT_SITE"}
[info] ▲ Next.js 16.2.10 (Turbopack)

[info] - Environments: .env


[info]   Creating an optimized production build ...

[info] ✓ Compiled successfully in 5.7s

[info]   Running TypeScript ...

[info]   Finished TypeScript in 4.5s ...

[info]   Collecting page data using 15 workers ...

[info] Firebase Admin initialized successfully

[info] Firebase Admin initialized successfully

[info] Firebase Admin SDK successfully initialized for db.ts

[info] Firebase Admin initialized successfully

[info] Firebase Admin initialized successfully

[info] Firebase Admin initialized successfully

[info] Firebase Admin initialized successfully

[info]   Generating static pages using 15 workers (0/18) ...

[info] Firebase Admin SDK successfully initialized for db.ts

[info]   Generating static pages using 15 workers (4/18) 

[info]   Generating static pages using 15 workers (8/18) 

[info]   Generating static pages using 15 workers (13/18) 

[info] ✓ Generating static pages using 15 workers (18/18) in 982ms

[info]   Finalizing page optimization ...

[info] 

[info] Route (app)
┌ ○ /
├ ○ /_not-found
├ ƒ /api/assets
├ ƒ /api/auth/login
├ ƒ /api/competitor
├ ƒ /api/dashboard
├ ƒ /api/discover
├ ƒ /api/library
├ ƒ /api/research/start
├ ƒ /api/script
├ ƒ /api/video/analyze
├ ƒ /api/video/export
├ ƒ /api/video/transcribe
├ ƒ /api/video/upload-url
├ ○ /competitor-intelligence
├ ○ /history
├ ○ /publishing-assets
├ ○ /research
├ ○ /script-generator
├ ○ /settings
├ ○ /topic-discovery
├ ○ /topic-library
└ ○ /video-studio


○  (Static)   prerendered as static content
ƒ  (Dynamic)  server-rendered on demand


[info] Building a Cloud Function to run this application. This is needed due to:
[info]  • non-static component /api/assets/route
[info]  • non-static component /api/auth/login/route
[info]  • non-static component /api/competitor/route
[info]  • non-static component /api/dashboard/route
[info]  • non-static component /api/discover/route
[debug] [2026-07-23T04:44:14.999Z]  • non-static component /api/library/route
[debug] [2026-07-23T04:44:14.999Z]  • non-static component /api/research/start/route
[debug] [2026-07-23T04:44:14.999Z]  • non-static component /api/script/route
[debug] [2026-07-23T04:44:14.999Z]  • non-static component /api/video/analyze/route
[debug] [2026-07-23T04:44:14.999Z]  • non-static component /api/video/export/route
[debug] [2026-07-23T04:44:14.999Z]  • non-static component /api/video/transcribe/route
[debug] [2026-07-23T04:44:14.999Z]  • non-static component /api/video/upload-url/route
[info]  • and 7 other reasons, use --debug to see more
[info] 
[debug] [2026-07-23T04:44:38.063Z] Checked if tokens are valid: true, expires at: 1784785426307
[debug] [2026-07-23T04:44:38.063Z] Checked if tokens are valid: true, expires at: 1784785426307
[debug] [2026-07-23T04:44:38.063Z] >>> [apiv2][query] GET https://firebasehosting.googleapis.com/v1beta1/projects/skillizee-products/sites/skillizee-products [none]
[debug] [2026-07-23T04:44:39.410Z] <<< [apiv2][status] GET https://firebasehosting.googleapis.com/v1beta1/projects/skillizee-products/sites/skillizee-products 200
[debug] [2026-07-23T04:44:39.410Z] <<< [apiv2][body] GET https://firebasehosting.googleapis.com/v1beta1/projects/skillizee-products/sites/skillizee-products {"name":"projects/skillizee-products/sites/skillizee-products","defaultUrl":"https://skillizee-products.web.app","type":"DEFAULT_SITE"}
[debug] [2026-07-23T04:44:40.981Z] Error: EPERM: operation not permitted, symlink 'E:\1. Skillizee\Podcast Tool\node_modules\firebase-admin' -> 'E:\1. Skillizee\Podcast Tool\.firebase\skillizee-products\functions\.next\node_modules\firebase-admin-a14c8a5423a75469'
